mag,style,median_ad
6,reverse,0.463906389
7,reverse,1.409942452
8,reverse,3.380128255
