mag,u_star,style,displ_site,percentile
7.1,0,strike-slip,0.169239441,0.3
7.1,0.2,strike-slip,1.472020365,0.523
7.1,0.4,strike-slip,4.556854533,0.888
7.1,0.6,strike-slip,1.542126296,0.4
7.1,0.8,strike-slip,0.834602244,0.4
7.1,1,strike-slip,0.589828248,0.7
