mag,u_star,style,percentile,displ_folded
7,0.5,strike-slip,0.84,3.338113942
7,0.5,strike-slip,0.84,2.922767755
7,0.5,strike-slip,0.84,3.148297739
7,0.5,strike-slip,0.84,3.13376
7,0.5,strike-slip,0.84,3.446803823
7,0.5,strike-slip,0.84,3.249309935
7,0.5,strike-slip,0.84,3.616913037
7,0.5,strike-slip,0.84,3.299734736
7,0.5,strike-slip,0.84,3.802392245
7,0.5,strike-slip,0.84,3.397931665
7,0.5,strike-slip,0.84,3.35846518
7,0.5,strike-slip,0.84,3.137290678
7,0.5,strike-slip,0.84,3.560975303
7,0.5,strike-slip,0.84,3.696739547
7,0.5,strike-slip,0.84,3.775836278
7,0.5,strike-slip,0.84,3.464653814
7,0.5,strike-slip,0.84,4.205058694
7,0.5,strike-slip,0.84,3.532551306
7,0.5,strike-slip,0.84,3.166761058
7,0.5,strike-slip,0.84,3.212277295
7,0.5,strike-slip,0.84,2.814182413
7,0.5,strike-slip,0.84,2.633283824
7,0.5,strike-slip,0.84,3.025774267
7,0.5,strike-slip,0.84,2.840542253
7,0.5,strike-slip,0.84,3.758106034
7,0.5,strike-slip,0.84,4.111845391
7,0.5,strike-slip,0.84,4.241500129
7,0.5,strike-slip,0.84,3.683514967
7,0.5,strike-slip,0.84,3.719475662
7,0.5,strike-slip,0.84,3.301934998
7,0.5,strike-slip,0.84,3.57002693
7,0.5,strike-slip,0.84,3.526262329
7,0.5,strike-slip,0.84,3.886748225
7,0.5,strike-slip,0.84,3.797076361
7,0.5,strike-slip,0.84,4.205635537
7,0.5,strike-slip,0.84,4.04271048
7,0.5,strike-slip,0.84,3.099774527
7,0.5,strike-slip,0.84,3.930671316
7,0.5,strike-slip,0.84,3.328245744
7,0.5,strike-slip,0.84,3.106641864
7,0.5,strike-slip,0.84,3.643373754
7,0.5,strike-slip,0.84,3.880564876
7,0.5,strike-slip,0.84,3.966676618
7,0.5,strike-slip,0.84,3.975718838
7,0.5,strike-slip,0.84,3.838897963
7,0.5,strike-slip,0.84,3.972447263
7,0.5,strike-slip,0.84,4.019368449
7,0.5,strike-slip,0.84,3.585375628
7,0.5,strike-slip,0.84,3.619910495
7,0.5,strike-slip,0.84,3.55007555
7,0.5,strike-slip,0.84,3.868160819
7,0.5,strike-slip,0.84,4.137361816
7,0.5,strike-slip,0.84,4.178041057
7,0.5,strike-slip,0.84,4.051881103
7,0.5,strike-slip,0.84,4.006388307
7,0.5,strike-slip,0.84,4.157200029
7,0.5,strike-slip,0.84,3.847861085
7,0.5,strike-slip,0.84,3.921120739
7,0.5,strike-slip,0.84,3.49272719
7,0.5,strike-slip,0.84,4.232387657
7,0.5,strike-slip,0.84,3.875418407
7,0.5,strike-slip,0.84,3.597345236
7,0.5,strike-slip,0.84,3.370866836
7,0.5,strike-slip,0.84,3.944905366
7,0.5,strike-slip,0.84,3.86170744
7,0.5,strike-slip,0.84,3.647259789
7,0.5,strike-slip,0.84,4.222584683
7,0.5,strike-slip,0.84,4.56391066
7,0.5,strike-slip,0.84,4.402819395
7,0.5,strike-slip,0.84,3.493697464
7,0.5,strike-slip,0.84,4.171717159
7,0.5,strike-slip,0.84,4.047968178
7,0.5,strike-slip,0.84,4.033380932
7,0.5,strike-slip,0.84,3.18852092
7,0.5,strike-slip,0.84,3.595963358
7,0.5,strike-slip,0.84,3.997977852
7,0.5,strike-slip,0.84,3.933465853
7,0.5,strike-slip,0.84,3.078080992
7,0.5,strike-slip,0.84,3.148741096
7,0.5,strike-slip,0.84,3.718415876
7,0.5,strike-slip,0.84,3.734813408
7,0.5,strike-slip,0.84,3.128993366
7,0.5,strike-slip,0.84,2.904842907
7,0.5,strike-slip,0.84,3.962140583
7,0.5,strike-slip,0.84,3.671218106
7,0.5,strike-slip,0.84,3.623353864
7,0.5,strike-slip,0.84,3.462880909
7,0.5,strike-slip,0.84,3.906285121
7,0.5,strike-slip,0.84,3.988091352
7,0.5,strike-slip,0.84,3.972136577
7,0.5,strike-slip,0.84,4.205471354
7,0.5,strike-slip,0.84,3.892728209
7,0.5,strike-slip,0.84,3.558252693
7,0.5,strike-slip,0.84,3.196439636
7,0.5,strike-slip,0.84,3.174270052
7,0.5,strike-slip,0.84,2.720621632
7,0.5,strike-slip,0.84,2.838702882
7,0.5,strike-slip,0.84,4.166248728
7,0.5,strike-slip,0.84,3.188280745
7,0.5,strike-slip,0.84,2.892944238
7,0.5,strike-slip,0.84,2.948729405
7,0.5,strike-slip,0.84,3.954866232
7,0.5,strike-slip,0.84,3.694079667
7,0.5,strike-slip,0.84,3.383271764
7,0.5,strike-slip,0.84,3.542592368
7,0.5,strike-slip,0.84,3.542927817
7,0.5,strike-slip,0.84,3.611219953
7,0.5,strike-slip,0.84,3.603294606
7,0.5,strike-slip,0.84,3.919720699
7,0.5,strike-slip,0.84,3.657026437
7,0.5,strike-slip,0.84,3.710696964
7,0.5,strike-slip,0.84,3.390916657
7,0.5,strike-slip,0.84,3.500487983
7,0.5,strike-slip,0.84,3.409773291
7,0.5,strike-slip,0.84,3.514287039
7,0.5,strike-slip,0.84,3.595857752
7,0.5,strike-slip,0.84,3.786429673
7,0.5,strike-slip,0.84,3.513067973
7,0.5,strike-slip,0.84,3.536884205
7,0.5,strike-slip,0.84,3.870735669
7,0.5,strike-slip,0.84,2.87159564
7,0.5,strike-slip,0.84,3.445622433
7,0.5,strike-slip,0.84,3.815275577
7,0.5,strike-slip,0.84,2.92163773
7,0.5,strike-slip,0.84,2.673083691
7,0.5,strike-slip,0.84,2.966443638
7,0.5,strike-slip,0.84,2.882113509
7,0.5,strike-slip,0.84,3.688630912
7,0.5,strike-slip,0.84,3.451213066
7,0.5,strike-slip,0.84,3.411584952
7,0.5,strike-slip,0.84,2.989299109
7,0.5,strike-slip,0.84,3.253348993
7,0.5,strike-slip,0.84,3.615916979
7,0.5,strike-slip,0.84,3.752021725
7,0.5,strike-slip,0.84,3.934287604
7,0.5,strike-slip,0.84,3.485041805
7,0.5,strike-slip,0.84,3.456953271
7,0.5,strike-slip,0.84,4.103927722
7,0.5,strike-slip,0.84,3.167685286
7,0.5,strike-slip,0.84,3.811148978
7,0.5,strike-slip,0.84,3.63240957
7,0.5,strike-slip,0.84,3.660122485
7,0.5,strike-slip,0.84,3.489240918
7,0.5,strike-slip,0.84,4.106347754
7,0.5,strike-slip,0.84,3.315015155
7,0.5,strike-slip,0.84,3.377108299
7,0.5,strike-slip,0.84,3.520162092
7,0.5,strike-slip,0.84,3.327433664
7,0.5,strike-slip,0.84,3.606689662
7,0.5,strike-slip,0.84,3.597786838
7,0.5,strike-slip,0.84,4.284045326
7,0.5,strike-slip,0.84,3.884466214
7,0.5,strike-slip,0.84,4.301397574
7,0.5,strike-slip,0.84,3.817957722
7,0.5,strike-slip,0.84,4.870892598
7,0.5,strike-slip,0.84,4.924952469
7,0.5,strike-slip,0.84,3.584955008
7,0.5,strike-slip,0.84,4.255463988
7,0.5,strike-slip,0.84,3.439496038
7,0.5,strike-slip,0.84,3.076454168
7,0.5,strike-slip,0.84,3.560132895
7,0.5,strike-slip,0.84,3.286582381
7,0.5,strike-slip,0.84,3.496621925
7,0.5,strike-slip,0.84,3.634578701
7,0.5,strike-slip,0.84,3.565392753
7,0.5,strike-slip,0.84,3.527797592
7,0.5,strike-slip,0.84,3.748539404
7,0.5,strike-slip,0.84,3.319434571
7,0.5,strike-slip,0.84,3.264944745
7,0.5,strike-slip,0.84,3.134281502
7,0.5,strike-slip,0.84,3.36370052
7,0.5,strike-slip,0.84,3.757261331
7,0.5,strike-slip,0.84,3.742071714
7,0.5,strike-slip,0.84,4.821373338
7,0.5,strike-slip,0.84,3.851275093
7,0.5,strike-slip,0.84,3.9040725
7,0.5,strike-slip,0.84,4.027847136
7,0.5,strike-slip,0.84,4.627600784
7,0.5,strike-slip,0.84,4.615882689
7,0.5,strike-slip,0.84,4.211765551
7,0.5,strike-slip,0.84,3.955948619
7,0.5,strike-slip,0.84,4.297059041
7,0.5,strike-slip,0.84,4.012280112
7,0.5,strike-slip,0.84,3.946411682
7,0.5,strike-slip,0.84,4.2003768
7,0.5,strike-slip,0.84,3.319662031
7,0.5,strike-slip,0.84,3.190976696
7,0.5,strike-slip,0.84,3.264124278
7,0.5,strike-slip,0.84,3.418216221
7,0.5,strike-slip,0.84,3.227803575
7,0.5,strike-slip,0.84,3.634776477
7,0.5,strike-slip,0.84,3.350680888
7,0.5,strike-slip,0.84,3.624926691
7,0.5,strike-slip,0.84,3.108963753
7,0.5,strike-slip,0.84,3.411354359
7,0.5,strike-slip,0.84,3.366357218
7,0.5,strike-slip,0.84,3.600341848
7,0.5,strike-slip,0.84,3.618113603
7,0.5,strike-slip,0.84,3.430523942
7,0.5,strike-slip,0.84,3.976995885
7,0.5,strike-slip,0.84,4.405168284
7,0.5,strike-slip,0.84,2.641186634
7,0.5,strike-slip,0.84,3.016185092
7,0.5,strike-slip,0.84,2.92827516
7,0.5,strike-slip,0.84,2.933197279
7,0.5,strike-slip,0.84,2.947514161
7,0.5,strike-slip,0.84,3.096958585
7,0.5,strike-slip,0.84,3.115403285
7,0.5,strike-slip,0.84,3.658700121
7,0.5,strike-slip,0.84,3.068372094
7,0.5,strike-slip,0.84,3.551285586
7,0.5,strike-slip,0.84,3.608140866
7,0.5,strike-slip,0.84,3.950451736
7,0.5,strike-slip,0.84,4.014194077
7,0.5,strike-slip,0.84,3.508608371
7,0.5,strike-slip,0.84,3.688264194
7,0.5,strike-slip,0.84,4.133522593
7,0.5,strike-slip,0.84,4.213489696
7,0.5,strike-slip,0.84,3.995709355
7,0.5,strike-slip,0.84,4.334083554
7,0.5,strike-slip,0.84,3.514158525
7,0.5,strike-slip,0.84,3.503166758
7,0.5,strike-slip,0.84,3.407288682
7,0.5,strike-slip,0.84,3.877874735
7,0.5,strike-slip,0.84,3.375582027
7,0.5,strike-slip,0.84,3.110502115
7,0.5,strike-slip,0.84,3.273677947
7,0.5,strike-slip,0.84,3.574942203
7,0.5,strike-slip,0.84,3.5797412
7,0.5,strike-slip,0.84,4.495504914
7,0.5,strike-slip,0.84,3.748188949
7,0.5,strike-slip,0.84,3.015513389
7,0.5,strike-slip,0.84,3.437325505
7,0.5,strike-slip,0.84,2.960767055
7,0.5,strike-slip,0.84,2.551946921
7,0.5,strike-slip,0.84,2.607852971
7,0.5,strike-slip,0.84,2.679296173
7,0.5,strike-slip,0.84,3.188220946
7,0.5,strike-slip,0.84,3.358648243
7,0.5,strike-slip,0.84,3.523447619
7,0.5,strike-slip,0.84,3.888780796
7,0.5,strike-slip,0.84,3.755125783
7,0.5,strike-slip,0.84,4.05693125
7,0.5,strike-slip,0.84,3.221406005
7,0.5,strike-slip,0.84,3.854628396
7,0.5,strike-slip,0.84,3.637311843
7,0.5,strike-slip,0.84,3.261791072
7,0.5,strike-slip,0.84,3.152920204
7,0.5,strike-slip,0.84,3.074521098
7,0.5,strike-slip,0.84,2.636655372
7,0.5,strike-slip,0.84,3.073496088
7,0.5,strike-slip,0.84,3.550530523
7,0.5,strike-slip,0.84,3.297825742
7,0.5,strike-slip,0.84,3.407708415
7,0.5,strike-slip,0.84,3.200125415
7,0.5,strike-slip,0.84,3.467039867
7,0.5,strike-slip,0.84,3.331445908
7,0.5,strike-slip,0.84,4.351692592
7,0.5,strike-slip,0.84,3.212678622
7,0.5,strike-slip,0.84,3.114487577
7,0.5,strike-slip,0.84,2.836726066
7,0.5,strike-slip,0.84,2.796047789
7,0.5,strike-slip,0.84,3.352116512
7,0.5,strike-slip,0.84,3.265349081
7,0.5,strike-slip,0.84,3.334632603
7,0.5,strike-slip,0.84,3.496874347
7,0.5,strike-slip,0.84,3.754645819
7,0.5,strike-slip,0.84,4.6110892
7,0.5,strike-slip,0.84,3.902377368
7,0.5,strike-slip,0.84,3.483897283
7,0.5,strike-slip,0.84,3.380341328
7,0.5,strike-slip,0.84,2.932727078
7,0.5,strike-slip,0.84,3.317644047
7,0.5,strike-slip,0.84,3.047430308
7,0.5,strike-slip,0.84,3.113381418
7,0.5,strike-slip,0.84,3.079058275
7,0.5,strike-slip,0.84,2.947575152
7,0.5,strike-slip,0.84,3.16989152
7,0.5,strike-slip,0.84,2.712049939
7,0.5,strike-slip,0.84,2.952260656
7,0.5,strike-slip,0.84,3.152115723
7,0.5,strike-slip,0.84,3.234542954
7,0.5,strike-slip,0.84,3.098893424
7,0.5,strike-slip,0.84,3.358068215
7,0.5,strike-slip,0.84,3.123491688
7,0.5,strike-slip,0.84,3.109519694
7,0.5,strike-slip,0.84,3.191991047
7,0.5,strike-slip,0.84,3.226442376
7,0.5,strike-slip,0.84,3.322688374
7,0.5,strike-slip,0.84,2.831847283
7,0.5,strike-slip,0.84,3.105000903
7,0.5,strike-slip,0.84,3.146315159
7,0.5,strike-slip,0.84,2.885549171
7,0.5,strike-slip,0.84,3.579421047
7,0.5,strike-slip,0.84,3.071989584
7,0.5,strike-slip,0.84,3.688417522
7,0.5,strike-slip,0.84,3.299221832
7,0.5,strike-slip,0.84,3.29020945
7,0.5,strike-slip,0.84,3.597043976
7,0.5,strike-slip,0.84,3.462088513
7,0.5,strike-slip,0.84,3.148268365
7,0.5,strike-slip,0.84,3.562021013
7,0.5,strike-slip,0.84,3.449661564
7,0.5,strike-slip,0.84,3.371768407
7,0.5,strike-slip,0.84,3.08687039
7,0.5,strike-slip,0.84,3.408924953
7,0.5,strike-slip,0.84,3.687667718
7,0.5,strike-slip,0.84,3.018982419
7,0.5,strike-slip,0.84,3.539088175
7,0.5,strike-slip,0.84,3.136729229
7,0.5,strike-slip,0.84,3.00954561
7,0.5,strike-slip,0.84,2.959282818
7,0.5,strike-slip,0.84,3.456376926
7,0.5,strike-slip,0.84,3.085019953
7,0.5,strike-slip,0.84,3.702689503
7,0.5,strike-slip,0.84,3.781556638
7,0.5,strike-slip,0.84,3.646146956
7,0.5,strike-slip,0.84,2.963661492
7,0.5,strike-slip,0.84,3.439040652
7,0.5,strike-slip,0.84,3.363782763
7,0.5,strike-slip,0.84,4.041009247
7,0.5,strike-slip,0.84,4.039564113
7,0.5,strike-slip,0.84,3.719577069
7,0.5,strike-slip,0.84,3.922413139
7,0.5,strike-slip,0.84,3.903316948
7,0.5,strike-slip,0.84,3.130916051
7,0.5,strike-slip,0.84,3.200180487
7,0.5,strike-slip,0.84,3.360570714
7,0.5,strike-slip,0.84,2.947296198
7,0.5,strike-slip,0.84,2.997745999
7,0.5,strike-slip,0.84,3.532536441
7,0.5,strike-slip,0.84,3.517033987
7,0.5,strike-slip,0.84,3.626377236
7,0.5,strike-slip,0.84,3.005394145
7,0.5,strike-slip,0.84,3.216547786
7,0.5,strike-slip,0.84,3.308088151
7,0.5,strike-slip,0.84,3.594126778
7,0.5,strike-slip,0.84,3.233725748
7,0.5,strike-slip,0.84,3.070442168
7,0.5,strike-slip,0.84,3.267629194
7,0.5,strike-slip,0.84,2.929329
7,0.5,strike-slip,0.84,3.444068039
7,0.5,strike-slip,0.84,3.287683533
7,0.5,strike-slip,0.84,3.25146287
7,0.5,strike-slip,0.84,3.31344612
7,0.5,strike-slip,0.84,3.492568269
7,0.5,strike-slip,0.84,3.450880455
7,0.5,strike-slip,0.84,3.501673181
7,0.5,strike-slip,0.84,3.199849719
7,0.5,strike-slip,0.84,2.987509248
7,0.5,strike-slip,0.84,3.133752134
7,0.5,strike-slip,0.84,3.162059925
7,0.5,strike-slip,0.84,3.476316788
7,0.5,strike-slip,0.84,3.488898646
7,0.5,strike-slip,0.84,2.866928977
7,0.5,strike-slip,0.84,3.329949593
7,0.5,strike-slip,0.84,3.428994301
7,0.5,strike-slip,0.84,3.967721442
7,0.5,strike-slip,0.84,3.38698988
7,0.5,strike-slip,0.84,3.294218104
7,0.5,strike-slip,0.84,2.89106711
7,0.5,strike-slip,0.84,3.386878492
7,0.5,strike-slip,0.84,3.76113436
7,0.5,strike-slip,0.84,4.604092557
7,0.5,strike-slip,0.84,3.764964048
7,0.5,strike-slip,0.84,3.635765484
7,0.5,strike-slip,0.84,3.973504577
7,0.5,strike-slip,0.84,3.766906195
7,0.5,strike-slip,0.84,3.602508603
7,0.5,strike-slip,0.84,2.822910431
7,0.5,strike-slip,0.84,2.87007935
7,0.5,strike-slip,0.84,3.145891943
7,0.5,strike-slip,0.84,3.055269625
7,0.5,strike-slip,0.84,3.33671779
7,0.5,strike-slip,0.84,3.748213661
7,0.5,strike-slip,0.84,3.666020871
7,0.5,strike-slip,0.84,3.512658782
7,0.5,strike-slip,0.84,3.78857017
7,0.5,strike-slip,0.84,3.691321555
7,0.5,strike-slip,0.84,3.619404878
7,0.5,strike-slip,0.84,4.235844181
7,0.5,strike-slip,0.84,3.733206118
7,0.5,strike-slip,0.84,3.634039405
7,0.5,strike-slip,0.84,3.717449777
7,0.5,strike-slip,0.84,3.352357233
7,0.5,strike-slip,0.84,3.656908501
7,0.5,strike-slip,0.84,4.718453858
7,0.5,strike-slip,0.84,4.564417439
7,0.5,strike-slip,0.84,4.407399343
7,0.5,strike-slip,0.84,3.971963183
7,0.5,strike-slip,0.84,3.411138406
7,0.5,strike-slip,0.84,3.540951145
7,0.5,strike-slip,0.84,3.401094751
7,0.5,strike-slip,0.84,3.121891532
7,0.5,strike-slip,0.84,3.58673022
7,0.5,strike-slip,0.84,3.467565585
7,0.5,strike-slip,0.84,3.651983153
7,0.5,strike-slip,0.84,3.220989421
7,0.5,strike-slip,0.84,3.096354157
7,0.5,strike-slip,0.84,3.074008851
7,0.5,strike-slip,0.84,3.346667224
7,0.5,strike-slip,0.84,3.58849205
7,0.5,strike-slip,0.84,3.3607479
7,0.5,strike-slip,0.84,4.437658464
7,0.5,strike-slip,0.84,3.742235435
7,0.5,strike-slip,0.84,3.453432262
7,0.5,strike-slip,0.84,3.211564765
7,0.5,strike-slip,0.84,3.439293867
7,0.5,strike-slip,0.84,2.94170229
7,0.5,strike-slip,0.84,3.007034328
7,0.5,strike-slip,0.84,3.175818281
7,0.5,strike-slip,0.84,3.042848881
7,0.5,strike-slip,0.84,3.280658345
7,0.5,strike-slip,0.84,3.456318073
7,0.5,strike-slip,0.84,3.973700767
7,0.5,strike-slip,0.84,3.696770885
7,0.5,strike-slip,0.84,3.705207434
7,0.5,strike-slip,0.84,3.845264384
7,0.5,strike-slip,0.84,3.503746308
7,0.5,strike-slip,0.84,4.248586357
7,0.5,strike-slip,0.84,3.966716875
7,0.5,strike-slip,0.84,3.822740247
7,0.5,strike-slip,0.84,3.625196218
7,0.5,strike-slip,0.84,3.738533046
7,0.5,strike-slip,0.84,4.099297143
7,0.5,strike-slip,0.84,3.693860872
7,0.5,strike-slip,0.84,3.608095069
7,0.5,strike-slip,0.84,4.093975893
7,0.5,strike-slip,0.84,3.8507737
7,0.5,strike-slip,0.84,4.264180659
7,0.5,strike-slip,0.84,4.172606206
7,0.5,strike-slip,0.84,4.492224082
7,0.5,strike-slip,0.84,4.285590492
7,0.5,strike-slip,0.84,4.923539672
7,0.5,strike-slip,0.84,3.46510275
7,0.5,strike-slip,0.84,3.095334525
7,0.5,strike-slip,0.84,3.203911443
7,0.5,strike-slip,0.84,2.929508796
7,0.5,strike-slip,0.84,3.689671186
7,0.5,strike-slip,0.84,3.526714659
7,0.5,strike-slip,0.84,3.935467501
7,0.5,strike-slip,0.84,3.826481984
7,0.5,strike-slip,0.84,4.406123003
7,0.5,strike-slip,0.84,4.759351002
7,0.5,strike-slip,0.84,4.120468863
7,0.5,strike-slip,0.84,3.687910706
7,0.5,strike-slip,0.84,3.130855439
7,0.5,strike-slip,0.84,3.129895919
7,0.5,strike-slip,0.84,3.440097025
7,0.5,strike-slip,0.84,3.685978375
7,0.5,strike-slip,0.84,3.713882938
7,0.5,strike-slip,0.84,3.536491748
7,0.5,strike-slip,0.84,3.405616493
7,0.5,strike-slip,0.84,3.198971286
7,0.5,strike-slip,0.84,3.367846316
7,0.5,strike-slip,0.84,3.343713334
7,0.5,strike-slip,0.84,3.422670177
7,0.5,strike-slip,0.84,3.466114555
7,0.5,strike-slip,0.84,2.744155835
7,0.5,strike-slip,0.84,2.981400228
7,0.5,strike-slip,0.84,4.045485394
7,0.5,strike-slip,0.84,3.567025735
7,0.5,strike-slip,0.84,4.119166421
7,0.5,strike-slip,0.84,4.113151041
7,0.5,strike-slip,0.84,3.864995299
7,0.5,strike-slip,0.84,3.860967833
7,0.5,strike-slip,0.84,3.732653974
7,0.5,strike-slip,0.84,3.744704588
7,0.5,strike-slip,0.84,3.549807719
7,0.5,strike-slip,0.84,3.494234049
7,0.5,strike-slip,0.84,4.045557243
7,0.5,strike-slip,0.84,4.797268928
7,0.5,strike-slip,0.84,3.874806712
7,0.5,strike-slip,0.84,3.442099873
7,0.5,strike-slip,0.84,3.766886608
7,0.5,strike-slip,0.84,3.86062839
7,0.5,strike-slip,0.84,3.958356526
7,0.5,strike-slip,0.84,3.424158773
7,0.5,strike-slip,0.84,3.247476639
7,0.5,strike-slip,0.84,3.077233556
7,0.5,strike-slip,0.84,2.952515952
7,0.5,strike-slip,0.84,2.831249469
7,0.5,strike-slip,0.84,2.812445288
7,0.5,strike-slip,0.84,3.283918934
7,0.5,strike-slip,0.84,2.903774394
7,0.5,strike-slip,0.84,3.028242709
7,0.5,strike-slip,0.84,3.344502746
7,0.5,strike-slip,0.84,2.912662623
7,0.5,strike-slip,0.84,3.732146525
7,0.5,strike-slip,0.84,3.730239234
7,0.5,strike-slip,0.84,3.254605083
7,0.5,strike-slip,0.84,3.303905025
7,0.5,strike-slip,0.84,3.446079061
7,0.5,strike-slip,0.84,3.202233953
7,0.5,strike-slip,0.84,3.571261833
7,0.5,strike-slip,0.84,3.370844393
7,0.5,strike-slip,0.84,3.388170973
7,0.5,strike-slip,0.84,3.38097513
7,0.5,strike-slip,0.84,3.357446992
7,0.5,strike-slip,0.84,3.975600259
7,0.5,strike-slip,0.84,3.744837013
7,0.5,strike-slip,0.84,3.256385919
7,0.5,strike-slip,0.84,3.452301695
7,0.5,strike-slip,0.84,3.068466684
7,0.5,strike-slip,0.84,3.170150342
7,0.5,strike-slip,0.84,3.63544927
7,0.5,strike-slip,0.84,3.852920445
7,0.5,strike-slip,0.84,3.730032108
7,0.5,strike-slip,0.84,3.733549239
7,0.5,strike-slip,0.84,3.484537384
7,0.5,strike-slip,0.84,3.925898685
7,0.5,strike-slip,0.84,3.605165825
7,0.5,strike-slip,0.84,3.420438786
7,0.5,strike-slip,0.84,4.072605896
7,0.5,strike-slip,0.84,4.647603354
7,0.5,strike-slip,0.84,4.227390344
7,0.5,strike-slip,0.84,3.791851946
7,0.5,strike-slip,0.84,4.243243781
7,0.5,strike-slip,0.84,4.488548665
7,0.5,strike-slip,0.84,4.61894209
7,0.5,strike-slip,0.84,3.843949298
7,0.5,strike-slip,0.84,3.932748076
7,0.5,strike-slip,0.84,3.979029746
7,0.5,strike-slip,0.84,4.052439892
7,0.5,strike-slip,0.84,3.809361775
7,0.5,strike-slip,0.84,3.686387616
7,0.5,strike-slip,0.84,4.13036573
7,0.5,strike-slip,0.84,3.39027486
7,0.5,strike-slip,0.84,4.002999665
7,0.5,strike-slip,0.84,3.201680499
7,0.5,strike-slip,0.84,3.089910102
7,0.5,strike-slip,0.84,3.482676276
7,0.5,strike-slip,0.84,4.029798632
7,0.5,strike-slip,0.84,3.699582817
7,0.5,strike-slip,0.84,4.11190548
7,0.5,strike-slip,0.84,3.826249908
7,0.5,strike-slip,0.84,4.060008859
7,0.5,strike-slip,0.84,3.85183159
7,0.5,strike-slip,0.84,3.057440762
7,0.5,strike-slip,0.84,3.243676978
7,0.5,strike-slip,0.84,3.216564462
7,0.5,strike-slip,0.84,3.578571654
7,0.5,strike-slip,0.84,3.940384211
7,0.5,strike-slip,0.84,4.28973518
7,0.5,strike-slip,0.84,4.147101674
7,0.5,strike-slip,0.84,4.681036866
7,0.5,strike-slip,0.84,4.626562317
7,0.5,strike-slip,0.84,4.584849347
7,0.5,strike-slip,0.84,3.237944615
7,0.5,strike-slip,0.84,3.18983954
7,0.5,strike-slip,0.84,2.844878572
7,0.5,strike-slip,0.84,2.863728015
7,0.5,strike-slip,0.84,3.070617915
7,0.5,strike-slip,0.84,3.578857853
7,0.5,strike-slip,0.84,3.265792053
7,0.5,strike-slip,0.84,3.691399881
7,0.5,strike-slip,0.84,3.135462273
7,0.5,strike-slip,0.84,3.391877089
7,0.5,strike-slip,0.84,3.894530649
7,0.5,strike-slip,0.84,3.525486658
7,0.5,strike-slip,0.84,3.764941556
7,0.5,strike-slip,0.84,3.213518802
7,0.5,strike-slip,0.84,3.132018504
7,0.5,strike-slip,0.84,3.023930701
7,0.5,strike-slip,0.84,3.107230398
7,0.5,strike-slip,0.84,3.017189717
7,0.5,strike-slip,0.84,2.979344075
7,0.5,strike-slip,0.84,3.171691271
7,0.5,strike-slip,0.84,3.050849408
7,0.5,strike-slip,0.84,3.575138649
7,0.5,strike-slip,0.84,3.189451349
7,0.5,strike-slip,0.84,3.528922995
7,0.5,strike-slip,0.84,3.287881611
7,0.5,strike-slip,0.84,3.805987406
7,0.5,strike-slip,0.84,3.405829027
7,0.5,strike-slip,0.84,3.111651666
7,0.5,strike-slip,0.84,3.138909596
7,0.5,strike-slip,0.84,3.276193878
7,0.5,strike-slip,0.84,3.23492229
7,0.5,strike-slip,0.84,3.079172498
7,0.5,strike-slip,0.84,3.328980794
7,0.5,strike-slip,0.84,2.561738705
7,0.5,strike-slip,0.84,3.11436573
7,0.5,strike-slip,0.84,3.051777197
7,0.5,strike-slip,0.84,3.477654233
7,0.5,strike-slip,0.84,3.504423404
7,0.5,strike-slip,0.84,3.223692803
7,0.5,strike-slip,0.84,3.087490396
7,0.5,strike-slip,0.84,3.697107973
7,0.5,strike-slip,0.84,3.271977864
7,0.5,strike-slip,0.84,3.364051271
7,0.5,strike-slip,0.84,3.379972156
7,0.5,strike-slip,0.84,3.388501571
7,0.5,strike-slip,0.84,3.533347318
7,0.5,strike-slip,0.84,3.383777033
7,0.5,strike-slip,0.84,3.463592769
7,0.5,strike-slip,0.84,3.727740806
7,0.5,strike-slip,0.84,3.297662373
7,0.5,strike-slip,0.84,3.636105373
7,0.5,strike-slip,0.84,3.406483919
7,0.5,strike-slip,0.84,3.698342563
7,0.5,strike-slip,0.84,3.754640892
7,0.5,strike-slip,0.84,3.581035118
7,0.5,strike-slip,0.84,4.14357862
7,0.5,strike-slip,0.84,4.06758813
7,0.5,strike-slip,0.84,3.506428944
7,0.5,strike-slip,0.84,3.464373092
7,0.5,strike-slip,0.84,3.937174862
7,0.5,strike-slip,0.84,3.449966443
7,0.5,strike-slip,0.84,3.898455524
7,0.5,strike-slip,0.84,3.725255822
7,0.5,strike-slip,0.84,3.826501557
7,0.5,strike-slip,0.84,3.58121079
7,0.5,strike-slip,0.84,3.758052807
7,0.5,strike-slip,0.84,3.360313465
7,0.5,strike-slip,0.84,3.676357257
7,0.5,strike-slip,0.84,4.216355924
7,0.5,strike-slip,0.84,3.615194359
7,0.5,strike-slip,0.84,3.918089006
7,0.5,strike-slip,0.84,3.241963156
7,0.5,strike-slip,0.84,3.230470646
7,0.5,strike-slip,0.84,2.925307529
7,0.5,strike-slip,0.84,2.868136491
7,0.5,strike-slip,0.84,3.653283094
7,0.5,strike-slip,0.84,3.450314785
7,0.5,strike-slip,0.84,3.904542843
7,0.5,strike-slip,0.84,3.226026731
7,0.5,strike-slip,0.84,3.3114059
7,0.5,strike-slip,0.84,3.171830832
7,0.5,strike-slip,0.84,3.970569347
7,0.5,strike-slip,0.84,3.380151979
7,0.5,strike-slip,0.84,3.590166249
7,0.5,strike-slip,0.84,3.106082176
7,0.5,strike-slip,0.84,2.911318125
7,0.5,strike-slip,0.84,3.123488092
7,0.5,strike-slip,0.84,3.003932531
7,0.5,strike-slip,0.84,3.459090412
7,0.5,strike-slip,0.84,3.859924359
7,0.5,strike-slip,0.84,3.811322709
7,0.5,strike-slip,0.84,3.79357439
7,0.5,strike-slip,0.84,2.999449689
7,0.5,strike-slip,0.84,3.060336903
7,0.5,strike-slip,0.84,3.322707479
7,0.5,strike-slip,0.84,3.400364912
7,0.5,strike-slip,0.84,3.399614356
7,0.5,strike-slip,0.84,3.789341419
7,0.5,strike-slip,0.84,3.779443597
7,0.5,strike-slip,0.84,3.643052303
7,0.5,strike-slip,0.84,3.664343361
7,0.5,strike-slip,0.84,3.984957541
7,0.5,strike-slip,0.84,3.803479079
7,0.5,strike-slip,0.84,3.615386114
7,0.5,strike-slip,0.84,3.480226268
7,0.5,strike-slip,0.84,4.324052349
7,0.5,strike-slip,0.84,3.677012917
7,0.5,strike-slip,0.84,3.63467888
7,0.5,strike-slip,0.84,3.219837136
7,0.5,strike-slip,0.84,3.441389918
7,0.5,strike-slip,0.84,3.360596615
7,0.5,strike-slip,0.84,3.149900385
7,0.5,strike-slip,0.84,3.492594114
7,0.5,strike-slip,0.84,3.544144574
7,0.5,strike-slip,0.84,3.465653915
7,0.5,strike-slip,0.84,3.377820909
7,0.5,strike-slip,0.84,3.161595969
7,0.5,strike-slip,0.84,3.157195189
7,0.5,strike-slip,0.84,3.137358588
7,0.5,strike-slip,0.84,3.161269856
7,0.5,strike-slip,0.84,3.208913897
7,0.5,strike-slip,0.84,3.385832435
7,0.5,strike-slip,0.84,2.971249405
7,0.5,strike-slip,0.84,3.362842342
7,0.5,strike-slip,0.84,3.206433236
7,0.5,strike-slip,0.84,3.342127457
7,0.5,strike-slip,0.84,3.477491997
7,0.5,strike-slip,0.84,3.356681774
7,0.5,strike-slip,0.84,4.126995624
7,0.5,strike-slip,0.84,3.852735826
7,0.5,strike-slip,0.84,4.04303498
7,0.5,strike-slip,0.84,3.215109449
7,0.5,strike-slip,0.84,3.21435546
7,0.5,strike-slip,0.84,2.541900444
7,0.5,strike-slip,0.84,5.205227122
7,0.5,strike-slip,0.84,3.991752017
7,0.5,strike-slip,0.84,3.310913714
7,0.5,strike-slip,0.84,3.470569096
7,0.5,strike-slip,0.84,2.959562465
7,0.5,strike-slip,0.84,3.090596393
7,0.5,strike-slip,0.84,3.132764474
7,0.5,strike-slip,0.84,3.429444693
7,0.5,strike-slip,0.84,3.016476145
7,0.5,strike-slip,0.84,3.558606303
7,0.5,strike-slip,0.84,3.182246171
7,0.5,strike-slip,0.84,3.04038575
7,0.5,strike-slip,0.84,3.04027696
7,0.5,strike-slip,0.84,3.853014171
7,0.5,strike-slip,0.84,3.554386379
7,0.5,strike-slip,0.84,3.598991282
7,0.5,strike-slip,0.84,4.041581515
7,0.5,strike-slip,0.84,3.442047503
7,0.5,strike-slip,0.84,3.952042169
7,0.5,strike-slip,0.84,3.614734331
7,0.5,strike-slip,0.84,4.019995402
7,0.5,strike-slip,0.84,3.884072474
7,0.5,strike-slip,0.84,3.931796522
7,0.5,strike-slip,0.84,3.827045159
7,0.5,strike-slip,0.84,3.660332409
7,0.5,strike-slip,0.84,3.441863713
7,0.5,strike-slip,0.84,3.25193068
7,0.5,strike-slip,0.84,3.305950306
7,0.5,strike-slip,0.84,3.406407233
7,0.5,strike-slip,0.84,2.880686864
7,0.5,strike-slip,0.84,2.517111517
7,0.5,strike-slip,0.84,2.891244467
7,0.5,strike-slip,0.84,3.046232875
7,0.5,strike-slip,0.84,2.8155602
7,0.5,strike-slip,0.84,4.057435942
7,0.5,strike-slip,0.84,3.436983078
7,0.5,strike-slip,0.84,4.036227821
7,0.5,strike-slip,0.84,3.686010709
7,0.5,strike-slip,0.84,3.872719468
7,0.5,strike-slip,0.84,3.52824838
7,0.5,strike-slip,0.84,3.519421118
7,0.5,strike-slip,0.84,3.796211986
7,0.5,strike-slip,0.84,3.928819902
7,0.5,strike-slip,0.84,4.571763838
7,0.5,strike-slip,0.84,4.224220878
7,0.5,strike-slip,0.84,3.965311459
7,0.5,strike-slip,0.84,4.430486572
7,0.5,strike-slip,0.84,3.665421206
7,0.5,strike-slip,0.84,3.239382879
7,0.5,strike-slip,0.84,2.936180342
7,0.5,strike-slip,0.84,3.174326123
7,0.5,strike-slip,0.84,3.5743871
7,0.5,strike-slip,0.84,2.91647482
7,0.5,strike-slip,0.84,3.869019031
7,0.5,strike-slip,0.84,3.292653515
7,0.5,strike-slip,0.84,3.271651964
7,0.5,strike-slip,0.84,3.026568939
7,0.5,strike-slip,0.84,2.670915277
7,0.5,strike-slip,0.84,3.129862522
7,0.5,strike-slip,0.84,3.270941229
7,0.5,strike-slip,0.84,3.611403826
7,0.5,strike-slip,0.84,3.585636954
7,0.5,strike-slip,0.84,3.456462272
7,0.5,strike-slip,0.84,4.055162275
7,0.5,strike-slip,0.84,3.344839266
7,0.5,strike-slip,0.84,3.480834808
7,0.5,strike-slip,0.84,3.810433709
7,0.5,strike-slip,0.84,3.354944399
7,0.5,strike-slip,0.84,3.192437817
7,0.5,strike-slip,0.84,3.630912083
7,0.5,strike-slip,0.84,2.794989048
7,0.5,strike-slip,0.84,3.637630639
7,0.5,strike-slip,0.84,3.510599193
7,0.5,strike-slip,0.84,3.338642843
7,0.5,strike-slip,0.84,3.186481737
7,0.5,strike-slip,0.84,2.963727076
7,0.5,strike-slip,0.84,3.029253479
7,0.5,strike-slip,0.84,3.282322755
7,0.5,strike-slip,0.84,3.442553011
7,0.5,strike-slip,0.84,3.079821076
7,0.5,strike-slip,0.84,2.908342947
7,0.5,strike-slip,0.84,3.329118855
7,0.5,strike-slip,0.84,2.994326757
7,0.5,strike-slip,0.84,3.039289685
7,0.5,strike-slip,0.84,3.876909528
7,0.5,strike-slip,0.84,3.767338958
7,0.5,strike-slip,0.84,3.601780052
7,0.5,strike-slip,0.84,3.414694762
7,0.5,strike-slip,0.84,3.269255648
7,0.5,strike-slip,0.84,3.200574793
7,0.5,strike-slip,0.84,3.848101436
7,0.5,strike-slip,0.84,3.774564178
7,0.5,strike-slip,0.84,3.587568685
7,0.5,strike-slip,0.84,3.242953861
7,0.5,strike-slip,0.84,3.198734891
7,0.5,strike-slip,0.84,3.122196928
7,0.5,strike-slip,0.84,3.59469967
7,0.5,strike-slip,0.84,3.313067576
7,0.5,strike-slip,0.84,3.236798526
7,0.5,strike-slip,0.84,2.907325096
7,0.5,strike-slip,0.84,3.339843253
7,0.5,strike-slip,0.84,3.530577354
7,0.5,strike-slip,0.84,3.063364878
7,0.5,strike-slip,0.84,3.257628414
7,0.5,strike-slip,0.84,2.484959851
7,0.5,strike-slip,0.84,2.914319139
7,0.5,strike-slip,0.84,2.96122348
7,0.5,strike-slip,0.84,3.140989137
7,0.5,strike-slip,0.84,3.283948538
7,0.5,strike-slip,0.84,3.479689793
7,0.5,strike-slip,0.84,3.936089431
7,0.5,strike-slip,0.84,3.074199821
7,0.5,strike-slip,0.84,3.265484215
7,0.5,strike-slip,0.84,3.389868074
7,0.5,strike-slip,0.84,3.603533684
7,0.5,strike-slip,0.84,3.563081748
7,0.5,strike-slip,0.84,3.41347772
7,0.5,strike-slip,0.84,3.195738461
7,0.5,strike-slip,0.84,2.925008427
7,0.5,strike-slip,0.84,3.869742082
7,0.5,strike-slip,0.84,4.065778861
7,0.5,strike-slip,0.84,4.017442165
7,0.5,strike-slip,0.84,4.452432039
7,0.5,strike-slip,0.84,3.293446284
7,0.5,strike-slip,0.84,4.269850012
7,0.5,strike-slip,0.84,3.976223
7,0.5,strike-slip,0.84,4.261518841
7,0.5,strike-slip,0.84,3.766348706
7,0.5,strike-slip,0.84,4.514885312
7,0.5,strike-slip,0.84,4.463447562
7,0.5,strike-slip,0.84,3.549970086
7,0.5,strike-slip,0.84,3.675469952
7,0.5,strike-slip,0.84,3.808248343
7,0.5,strike-slip,0.84,3.118877786
7,0.5,strike-slip,0.84,3.322684151
7,0.5,strike-slip,0.84,3.246224595
7,0.5,strike-slip,0.84,3.425994492
7,0.5,strike-slip,0.84,3.519521981
7,0.5,strike-slip,0.84,3.191873199
7,0.5,strike-slip,0.84,2.87913876
7,0.5,strike-slip,0.84,3.154742672
7,0.5,strike-slip,0.84,3.167078567
7,0.5,strike-slip,0.84,3.112131123
7,0.5,strike-slip,0.84,2.750557008
7,0.5,strike-slip,0.84,3.196863005
7,0.5,strike-slip,0.84,2.777497241
7,0.5,strike-slip,0.84,2.913023577
7,0.5,strike-slip,0.84,3.041126787
7,0.5,strike-slip,0.84,3.598746069
7,0.5,strike-slip,0.84,3.231242265
7,0.5,strike-slip,0.84,3.703383869
7,0.5,strike-slip,0.84,3.439053416
7,0.5,strike-slip,0.84,3.528682267
7,0.5,strike-slip,0.84,4.534002178
7,0.5,strike-slip,0.84,3.95629241
7,0.5,strike-slip,0.84,4.86419947
7,0.5,strike-slip,0.84,3.668925689
7,0.5,strike-slip,0.84,3.399937819
7,0.5,strike-slip,0.84,3.147870001
7,0.5,strike-slip,0.84,3.46202676
7,0.5,strike-slip,0.84,3.542709025
7,0.5,strike-slip,0.84,3.401418319
7,0.5,strike-slip,0.84,3.895716008
7,0.5,strike-slip,0.84,3.425196668
7,0.5,strike-slip,0.84,3.568018079
7,0.5,strike-slip,0.84,3.084491796
7,0.5,strike-slip,0.84,3.800011758
7,0.5,strike-slip,0.84,3.883577209
7,0.5,strike-slip,0.84,3.479235204
7,0.5,strike-slip,0.84,3.428628124
7,0.5,strike-slip,0.84,3.088394792
7,0.5,strike-slip,0.84,3.56792682
7,0.5,strike-slip,0.84,3.714915436
7,0.5,strike-slip,0.84,3.735782839
7,0.5,strike-slip,0.84,3.404223289
7,0.5,strike-slip,0.84,3.717757592
7,0.5,strike-slip,0.84,3.375630833
7,0.5,strike-slip,0.84,4.019369895
7,0.5,strike-slip,0.84,3.856969514
7,0.5,strike-slip,0.84,3.389232484
7,0.5,strike-slip,0.84,3.537363776
7,0.5,strike-slip,0.84,4.271778023
7,0.5,strike-slip,0.84,4.072470105
7,0.5,strike-slip,0.84,4.936644658
7,0.5,strike-slip,0.84,3.973955869
7,0.5,strike-slip,0.84,3.880079716
7,0.5,strike-slip,0.84,3.402872374
7,0.5,strike-slip,0.84,3.559230537
7,0.5,strike-slip,0.84,3.055677488
7,0.5,strike-slip,0.84,3.244477267
7,0.5,strike-slip,0.84,3.039726535
7,0.5,strike-slip,0.84,3.751346272
7,0.5,strike-slip,0.84,3.644296212
7,0.5,strike-slip,0.84,3.394209668
7,0.5,strike-slip,0.84,4.034386978
7,0.5,strike-slip,0.84,4.659503785
7,0.5,strike-slip,0.84,3.482709845
7,0.5,strike-slip,0.84,3.448116547
7,0.5,strike-slip,0.84,3.537676965
7,0.5,strike-slip,0.84,3.44037228
7,0.5,strike-slip,0.84,3.47904361
7,0.5,strike-slip,0.84,3.202367535
7,0.5,strike-slip,0.84,3.112262102
7,0.5,strike-slip,0.84,2.70254169
7,0.5,strike-slip,0.84,2.700080003
7,0.5,strike-slip,0.84,2.709522777
7,0.5,strike-slip,0.84,3.279782228
7,0.5,strike-slip,0.84,3.234740438
7,0.5,strike-slip,0.84,3.523452047
7,0.5,strike-slip,0.84,3.732163235
7,0.5,strike-slip,0.84,3.492457226
7,0.5,strike-slip,0.84,3.601080897
7,0.5,strike-slip,0.84,3.359538573
7,0.5,strike-slip,0.84,3.665313261
7,0.5,strike-slip,0.84,3.633566541
7,0.5,strike-slip,0.84,4.616303658
7,0.5,strike-slip,0.84,4.222335781
7,0.5,strike-slip,0.84,3.835513237
7,0.5,strike-slip,0.84,3.79103974
7,0.5,strike-slip,0.84,3.191277253
7,0.5,strike-slip,0.84,2.576556401
7,0.5,strike-slip,0.84,3.316858485
7,0.5,strike-slip,0.84,3.477312617
7,0.5,strike-slip,0.84,3.454304947
7,0.5,strike-slip,0.84,3.131317914
7,0.5,strike-slip,0.84,3.691560011
7,0.5,strike-slip,0.84,3.214358943
7,0.5,strike-slip,0.84,3.421164614
7,0.5,strike-slip,0.84,3.217390045
7,0.5,strike-slip,0.84,3.230191166
7,0.5,strike-slip,0.84,3.398688022
7,0.5,strike-slip,0.84,3.455910615
7,0.5,strike-slip,0.84,3.623842022
7,0.5,strike-slip,0.84,3.434546213
7,0.5,strike-slip,0.84,3.853670219
7,0.5,strike-slip,0.84,3.468774689
7,0.5,strike-slip,0.84,3.234969288
7,0.5,strike-slip,0.84,3.378220066
7,0.5,strike-slip,0.84,3.329082246
7,0.5,strike-slip,0.84,3.241254213
7,0.5,strike-slip,0.84,3.36328815
7,0.5,strike-slip,0.84,3.676800752
7,0.5,strike-slip,0.84,4.332320413
7,0.5,strike-slip,0.84,4.744835058
7,0.5,strike-slip,0.84,4.065350211
7,0.5,strike-slip,0.84,4.71896988
7,0.5,strike-slip,0.84,3.958382799
7,0.5,strike-slip,0.84,3.412155601
7,0.5,strike-slip,0.84,3.267699928
7,0.5,strike-slip,0.84,3.670351224
7,0.5,strike-slip,0.84,3.428217034
7,0.5,strike-slip,0.84,3.339647127
7,0.5,strike-slip,0.84,4.239497931
7,0.5,strike-slip,0.84,3.976622267
7,0.5,strike-slip,0.84,3.635089224
7,0.5,strike-slip,0.84,3.353855962
7,0.5,strike-slip,0.84,3.292636958
7,0.5,strike-slip,0.84,3.967223981
7,0.5,strike-slip,0.84,3.536697942
7,0.5,strike-slip,0.84,3.376926295
7,0.5,strike-slip,0.84,3.253911415
7,0.5,strike-slip,0.84,3.574858317
7,0.5,strike-slip,0.84,3.676328835
7,0.5,strike-slip,0.84,3.618713229
7,0.5,strike-slip,0.84,2.970965224
7,0.5,strike-slip,0.84,3.063209034
7,0.5,strike-slip,0.84,2.982769803
7,0.5,strike-slip,0.84,2.595322362
7,0.5,strike-slip,0.84,2.617283351
7,0.5,strike-slip,0.84,3.132011242
7,0.5,strike-slip,0.84,2.981083219
7,0.5,strike-slip,0.84,3.295164924
7,0.5,strike-slip,0.84,3.06277655
7,0.5,strike-slip,0.84,2.721130479
7,0.5,strike-slip,0.84,2.644318601
7,0.5,strike-slip,0.84,3.178337915
7,0.5,strike-slip,0.84,3.325487496
7,0.5,strike-slip,0.84,3.665372108
7,0.5,strike-slip,0.84,3.067482852
7,0.5,strike-slip,0.84,3.588843866
7,0.5,strike-slip,0.84,4.282882465
7,0.5,strike-slip,0.84,4.046940756
7,0.5,strike-slip,0.84,4.745059427
7,0.5,strike-slip,0.84,4.353852179
7,0.5,strike-slip,0.84,4.147327019
7,0.5,strike-slip,0.84,4.22918089
7,0.5,strike-slip,0.84,3.390146788
7,0.5,strike-slip,0.84,3.238277526
7,0.5,strike-slip,0.84,3.205895844
7,0.5,strike-slip,0.84,3.466926133
7,0.5,strike-slip,0.84,2.597375617
7,0.5,strike-slip,0.84,2.540117821
7,0.5,strike-slip,0.84,2.656472507
7,0.5,strike-slip,0.84,2.554343321
7,0.5,strike-slip,0.84,2.517620599
7,0.5,strike-slip,0.84,2.886494035
7,0.5,strike-slip,0.84,3.008374206
7,0.5,strike-slip,0.84,3.939658469
7,0.5,strike-slip,0.84,3.732557813
7,0.5,strike-slip,0.84,3.573491789
7,0.5,strike-slip,0.84,2.836791272
7,0.5,strike-slip,0.84,3.762998197
7,0.5,strike-slip,0.84,3.058510453
7,0.5,strike-slip,0.84,3.289095552
7,0.5,strike-slip,0.84,3.413169596
7,0.5,strike-slip,0.84,3.307575792
7,0.5,strike-slip,0.84,3.219734875
7,0.5,strike-slip,0.84,3.453668533
7,0.5,strike-slip,0.84,3.508158243
7,0.5,strike-slip,0.84,3.574422143
7,0.5,strike-slip,0.84,3.480906189
7,0.5,strike-slip,0.84,3.605795192
7,0.5,strike-slip,0.84,3.258543113
7,0.5,strike-slip,0.84,3.625544003
7,0.5,strike-slip,0.84,2.967524315
7,0.5,strike-slip,0.84,3.046148688
7,0.5,strike-slip,0.84,2.929277381
7,0.5,strike-slip,0.84,3.05374334
