mag,u_star,style,percentile,lambda,mu_site,sd_site,mu_compl,sd_compl,Y_site,Y_compl,Y_folded,displ_site,displ_compl,displ_folded
7.9,0.44,strike-slip,0.84,0.161344848,1.954191152,0.770333429,1.876327398,0.7801368,2.720255303,2.652140588,2.686197946,9.537996259,9.095353238,9.314469776
7.9,0.44,strike-slip,-1,0.161344848,1.954191152,0.770333429,1.876327398,0.7801368,2.132879009,2.060905754,2.096892382,6.252660683,5.92528062,6.08712506
7.9,0.44,reverse,0.84,0.117784836,1.180603867,0.831425255,1.056945999,0.854973153,2.007421266,1.90718079,1.957301028,6.061299261,5.587114803,5.819947834
7.9,0.44,reverse,-1,0.117784836,1.180603867,0.831425255,1.056945999,0.854973153,1.424055632,1.315803442,1.369929537,3.730336148,3.398334967,3.560923409
7.9,0.44,normal,0.84,0.119202946,1.299478203,0.757417287,1.011871947,0.757417287,2.052697794,1.765091538,1.908894666,6.272874931,4.962580394,5.583960671
7.9,0.44,normal,-1,0.119202946,1.299478203,0.757417287,1.011871947,0.757417287,1.501899917,1.219553972,1.360726944,3.981334534,3.122580434,3.529011876
