mag,u_star,mode,mu,sd_mode,sd_u,sd_tot
7,0.5,0.634884745,0.256021724,0.612899235,0.63414049,0.881918156
6.5,0.71,-0.683676057,-1.674494259,0.810662089,0.63414049,1.029226498
7.9,0.44,1.544613304,1.299478203,0.414182068,0.63414049,0.757417287
