mag,u_star,mode,mu,sd_mode,sd_u,sd_tot
7,0.5,0.452293647,0.240819546,0.517973094,0.66394431,0.842091546
6.5,0.71,-0.097797477,-0.564293977,0.517973094,0.732602207,0.897219103
7.9,0.44,1.333474031,1.180603867,0.517973094,0.650362844,0.831425255
