mag,u_star,mode,mu,sd_mode,sd_u,sd_tot
7,0.5,0.596689698,0.579762735,0.538344289,0.561365493,0.777782611
6.5,0.71,-0.739382894,-1.15882145,0.746183328,0.632915027,0.978453366
7.9,0.44,1.954666952,1.954191152,0.530490774,0.558563452,0.770333429
